// Jest Snapshot v1, https://goo.gl/fbAQLP

exports[`SocialIcons renders correctly 1`] = `
ShallowWrapper {
  "complexSelector": ComplexSelector {
    "buildPredicate": [Function],
    "childrenOfNode": [Function],
    "findWhereUnwrapped": [Function],
  },
  "length": 1,
  "node": <ul
    className="SocialIcons"
>
    <SocialIcon
        href="http://google.com"
        type="facebook"
    />
    <SocialIcon
        href="http://google.com"
        type="instagram"
    />
    <SocialIcon
        href="http://google.com"
        type="linkedin"
    />
    <SocialIcon
        href="http://google.com"
        type="pinterest"
    />
    <SocialIcon
        href="http://google.com"
        type="twitter"
    />
</ul>,
  "nodes": Array [
    <ul
      className="SocialIcons"
>
      <SocialIcon
            href="http://google.com"
            type="facebook"
      />
      <SocialIcon
            href="http://google.com"
            type="instagram"
      />
      <SocialIcon
            href="http://google.com"
            type="linkedin"
      />
      <SocialIcon
            href="http://google.com"
            type="pinterest"
      />
      <SocialIcon
            href="http://google.com"
            type="twitter"
      />
</ul>,
  ],
  "options": Object {},
  "renderer": ReactShallowRenderer {
    "_instance": ShallowComponentWrapper {
      "_calledComponentWillUnmount": false,
      "_compositeType": 2,
      "_context": Object {},
      "_currentElement": <SocialIcons>
        <SocialIcon
                href="http://google.com"
                type="facebook"
        />
        <SocialIcon
                href="http://google.com"
                type="instagram"
        />
        <SocialIcon
                href="http://google.com"
                type="linkedin"
        />
        <SocialIcon
                href="http://google.com"
                type="pinterest"
        />
        <SocialIcon
                href="http://google.com"
                type="twitter"
        />
</SocialIcons>,
      "_debugID": 1,
      "_hostContainerInfo": null,
      "_hostParent": null,
      "_instance": StatelessComponent {
        "_reactInternalInstance": [Circular],
        "context": Object {},
        "props": Object {
          "children": Array [
            <SocialIcon
              href="http://google.com"
              type="facebook"
/>,
            <SocialIcon
              href="http://google.com"
              type="instagram"
/>,
            <SocialIcon
              href="http://google.com"
              type="linkedin"
/>,
            <SocialIcon
              href="http://google.com"
              type="pinterest"
/>,
            <SocialIcon
              href="http://google.com"
              type="twitter"
/>,
          ],
        },
        "refs": Object {},
        "state": null,
        "updater": Object {
          "enqueueCallback": [Function],
          "enqueueCallbackInternal": [Function],
          "enqueueElementInternal": [Function],
          "enqueueForceUpdate": [Function],
          "enqueueReplaceState": [Function],
          "enqueueSetState": [Function],
          "isMounted": [Function],
          "validateCallback": [Function],
        },
      },
      "_mountOrder": 1,
      "_pendingCallbacks": null,
      "_pendingElement": null,
      "_pendingForceUpdate": false,
      "_pendingReplaceState": false,
      "_pendingStateQueue": null,
      "_renderedComponent": NoopInternalComponent {
        "_currentElement": <ul
          className="SocialIcons"
>
          <SocialIcon
                    href="http://google.com"
                    type="facebook"
          />
          <SocialIcon
                    href="http://google.com"
                    type="instagram"
          />
          <SocialIcon
                    href="http://google.com"
                    type="linkedin"
          />
          <SocialIcon
                    href="http://google.com"
                    type="pinterest"
          />
          <SocialIcon
                    href="http://google.com"
                    type="twitter"
          />
</ul>,
        "_debugID": 2,
        "_renderedOutput": <ul
          className="SocialIcons"
>
          <SocialIcon
                    href="http://google.com"
                    type="facebook"
          />
          <SocialIcon
                    href="http://google.com"
                    type="instagram"
          />
          <SocialIcon
                    href="http://google.com"
                    type="linkedin"
          />
          <SocialIcon
                    href="http://google.com"
                    type="pinterest"
          />
          <SocialIcon
                    href="http://google.com"
                    type="twitter"
          />
</ul>,
      },
      "_renderedNodeType": 0,
      "_rootNodeID": 0,
      "_topLevelWrapper": null,
      "_updateBatchNumber": null,
      "_warnedAboutRefsInRender": false,
    },
    "getRenderOutput": [Function],
    "render": [Function],
  },
  "root": [Circular],
  "unrendered": <SocialIcons>
    <SocialIcon
        href="http://google.com"
        type="facebook"
    />
    <SocialIcon
        href="http://google.com"
        type="instagram"
    />
    <SocialIcon
        href="http://google.com"
        type="linkedin"
    />
    <SocialIcon
        href="http://google.com"
        type="pinterest"
    />
    <SocialIcon
        href="http://google.com"
        type="twitter"
    />
</SocialIcons>,
}
`;
