// Jest Snapshot v1, https://goo.gl/fbAQLP

exports[`Tabs renders correctly 1`] = `
ShallowWrapper {
  "complexSelector": ComplexSelector {
    "buildPredicate": [Function],
    "childrenOfNode": [Function],
    "findWhereUnwrapped": [Function],
  },
  "length": 1,
  "node": <nav
    className="Tabs"
>
    <ul
        className="TabsList"
    >
        <Tab
            label="test"
        />
        <Tab
            label="test2"
        />
    </ul>
</nav>,
  "nodes": Array [
    <nav
      className="Tabs"
>
      <ul
            className="TabsList"
      >
            <Tab
                  label="test"
            />
            <Tab
                  label="test2"
            />
      </ul>
</nav>,
  ],
  "options": Object {},
  "renderer": ReactShallowRenderer {
    "_instance": ShallowComponentWrapper {
      "_calledComponentWillUnmount": false,
      "_compositeType": 0,
      "_context": Object {},
      "_currentElement": <Tabs>
        <Tab
                label="test"
        />
        <Tab
                label="test2"
        />
</Tabs>,
      "_debugID": 1,
      "_hostContainerInfo": null,
      "_hostParent": null,
      "_instance": Tabs {
        "_reactInternalInstance": [Circular],
        "context": Object {},
        "props": Object {
          "children": Array [
            <Tab
              label="test"
/>,
            <Tab
              label="test2"
/>,
          ],
        },
        "refs": Object {},
        "state": null,
        "updater": Object {
          "enqueueCallback": [Function],
          "enqueueCallbackInternal": [Function],
          "enqueueElementInternal": [Function],
          "enqueueForceUpdate": [Function],
          "enqueueReplaceState": [Function],
          "enqueueSetState": [Function],
          "isMounted": [Function],
          "validateCallback": [Function],
        },
      },
      "_mountOrder": 1,
      "_pendingCallbacks": null,
      "_pendingElement": null,
      "_pendingForceUpdate": false,
      "_pendingReplaceState": false,
      "_pendingStateQueue": null,
      "_renderedComponent": NoopInternalComponent {
        "_currentElement": <nav
          className="Tabs"
>
          <ul
                    className="TabsList"
          >
                    <Tab
                              label="test"
                    />
                    <Tab
                              label="test2"
                    />
          </ul>
</nav>,
        "_debugID": 2,
        "_renderedOutput": <nav
          className="Tabs"
>
          <ul
                    className="TabsList"
          >
                    <Tab
                              label="test"
                    />
                    <Tab
                              label="test2"
                    />
          </ul>
</nav>,
      },
      "_renderedNodeType": 0,
      "_rootNodeID": 0,
      "_topLevelWrapper": null,
      "_updateBatchNumber": null,
      "_warnedAboutRefsInRender": false,
    },
    "getRenderOutput": [Function],
    "render": [Function],
  },
  "root": [Circular],
  "unrendered": <Tabs>
    <Tab
        label="test"
    />
    <Tab
        label="test2"
    />
</Tabs>,
}
`;
