// Jest Snapshot v1, https://goo.gl/fbAQLP

exports[`AppBar renders correctly 1`] = `
<header
  className="AppBar"
/>
`;
