// Jest Snapshot v1, https://goo.gl/fbAQLP

exports[`AvatarButton renders correctly 1`] = `
ShallowWrapper {
  "complexSelector": ComplexSelector {
    "buildPredicate": [Function],
    "childrenOfNode": [Function],
    "findWhereUnwrapped": [Function],
  },
  "length": 1,
  "node": <div>
    <input
        className="AvatarButton"
        id="avatar_button"
        onClick={[Function]}
        type="checkbox"
    />
    <label
        className="AvatarButtonLabel"
        htmlFor="avatar_button"
    >
        test
    </label>
</div>,
  "nodes": Array [
    <div>
      <input
            className="AvatarButton"
            id="avatar_button"
            onClick={[Function]}
            type="checkbox"
      />
      <label
            className="AvatarButtonLabel"
            htmlFor="avatar_button"
      >
            test
      </label>
</div>,
  ],
  "options": Object {},
  "renderer": ReactShallowRenderer {
    "_instance": ShallowComponentWrapper {
      "_calledComponentWillUnmount": false,
      "_compositeType": 0,
      "_context": Object {},
      "_currentElement": <AvatarButton
        label="test"
        onClick={[Function]}
/>,
      "_debugID": 1,
      "_hostContainerInfo": null,
      "_hostParent": null,
      "_instance": AvatarButton {
        "_reactInternalInstance": [Circular],
        "context": Object {},
        "props": Object {
          "label": "test",
          "onClick": [Function],
        },
        "refs": Object {},
        "state": null,
        "updater": Object {
          "enqueueCallback": [Function],
          "enqueueCallbackInternal": [Function],
          "enqueueElementInternal": [Function],
          "enqueueForceUpdate": [Function],
          "enqueueReplaceState": [Function],
          "enqueueSetState": [Function],
          "isMounted": [Function],
          "validateCallback": [Function],
        },
      },
      "_mountOrder": 1,
      "_pendingCallbacks": null,
      "_pendingElement": null,
      "_pendingForceUpdate": false,
      "_pendingReplaceState": false,
      "_pendingStateQueue": null,
      "_renderedComponent": NoopInternalComponent {
        "_currentElement": <div>
          <input
                    className="AvatarButton"
                    id="avatar_button"
                    onClick={[Function]}
                    type="checkbox"
          />
          <label
                    className="AvatarButtonLabel"
                    htmlFor="avatar_button"
          >
                    test
          </label>
</div>,
        "_debugID": 2,
        "_renderedOutput": <div>
          <input
                    className="AvatarButton"
                    id="avatar_button"
                    onClick={[Function]}
                    type="checkbox"
          />
          <label
                    className="AvatarButtonLabel"
                    htmlFor="avatar_button"
          >
                    test
          </label>
</div>,
      },
      "_renderedNodeType": 0,
      "_rootNodeID": 0,
      "_topLevelWrapper": null,
      "_updateBatchNumber": null,
      "_warnedAboutRefsInRender": false,
    },
    "getRenderOutput": [Function],
    "render": [Function],
  },
  "root": [Circular],
  "unrendered": <AvatarButton
    label="test"
    onClick={[Function]}
/>,
}
`;
