// Jest Snapshot v1, https://goo.gl/fbAQLP

exports[`FloatingButton renders correctly 1`] = `
ShallowWrapper {
  "complexSelector": ComplexSelector {
    "buildPredicate": [Function],
    "childrenOfNode": [Function],
    "findWhereUnwrapped": [Function],
  },
  "length": 1,
  "node": <button
    className="RoundRedButton FloatingButton"
    onClick={[Function]}
>
    +
</button>,
  "nodes": Array [
    <button
      className="RoundRedButton FloatingButton"
      onClick={[Function]}
>
      +
</button>,
  ],
  "options": Object {},
  "renderer": ReactShallowRenderer {
    "_instance": ShallowComponentWrapper {
      "_calledComponentWillUnmount": false,
      "_compositeType": 0,
      "_context": Object {},
      "_currentElement": <FloatingButton
        isFloating={true}
        label="+"
        onClick={[Function]}
/>,
      "_debugID": 1,
      "_hostContainerInfo": null,
      "_hostParent": null,
      "_instance": FloatingButton {
        "_reactInternalInstance": [Circular],
        "context": Object {},
        "props": Object {
          "isFloating": true,
          "label": "+",
          "onClick": [Function],
        },
        "refs": Object {},
        "state": null,
        "updater": Object {
          "enqueueCallback": [Function],
          "enqueueCallbackInternal": [Function],
          "enqueueElementInternal": [Function],
          "enqueueForceUpdate": [Function],
          "enqueueReplaceState": [Function],
          "enqueueSetState": [Function],
          "isMounted": [Function],
          "validateCallback": [Function],
        },
      },
      "_mountOrder": 1,
      "_pendingCallbacks": null,
      "_pendingElement": null,
      "_pendingForceUpdate": false,
      "_pendingReplaceState": false,
      "_pendingStateQueue": null,
      "_renderedComponent": NoopInternalComponent {
        "_currentElement": <button
          className="RoundRedButton FloatingButton"
          onClick={[Function]}
>
          +
</button>,
        "_debugID": 2,
        "_renderedOutput": <button
          className="RoundRedButton FloatingButton"
          onClick={[Function]}
>
          +
</button>,
      },
      "_renderedNodeType": 0,
      "_rootNodeID": 0,
      "_topLevelWrapper": null,
      "_updateBatchNumber": null,
      "_warnedAboutRefsInRender": false,
    },
    "getRenderOutput": [Function],
    "render": [Function],
  },
  "root": [Circular],
  "unrendered": <FloatingButton
    isFloating={true}
    label="+"
    onClick={[Function]}
/>,
}
`;
